
POWERON_RC=0
CurrentBMCState     : xyz.openbmc_project.State.BMC.BMCState.Ready
CurrentPowerState   : xyz.openbmc_project.State.Chassis.PowerState.TransitioningToOff
CurrentHostState    : xyz.openbmc_project.State.Host.HostState.TransitioningToOff
BootProgress        : xyz.openbmc_project.State.Boot.Progress.ProgressStages.Unspecified
OperatingSystemState: xyz.openbmc_project.State.OperatingSystem.Status.OSStatus.Inactive
  UNIT                             LOAD   ACTIVE SUB    DESCRIPTION
* avsbus-disable@0.service         loaded failed failed Disable the AVS bus on the VRMs
* avsbus-enable@0.service          loaded failed failed Enable the AVS bus on VRMs
* phosphor-wait-power-on@0.service loaded failed failed Wait for Power0 to turn on
* vrm-control@0.service            loaded failed failed Apply voltage overrides to VRMs

Legend: LOAD   -> Reflects whether the unit definition was properly loaded.
        ACTIVE -> The high-level unit activation state, i.e. generalization of SUB.
        SUB    -> The low-level unit activation state, values depend on unit type.

4 loaded units listed.
Sep 30 03:12:45 romulus systemd[1]: Starting Phosphor Power0 Control...
Sep 30 03:13:03 romulus power_control.exe[232]: Power GPIO power good input: SYS_PWROK_BUFF
Sep 30 03:13:03 romulus power_control.exe[232]: Power GPIO 2 power_up outputs
Sep 30 03:13:03 romulus power_control.exe[232]: Power GPIO power_up[0] = SOFTWARE_PGOOD active HIGH
Sep 30 03:13:03 romulus power_control.exe[232]: Power GPIO power_up[1] = BMC_POWER_UP active HIGH
Sep 30 03:13:03 romulus power_control.exe[232]: Power GPIO 0 reset outputs
Sep 30 03:13:03 romulus power_control.exe[232]: Power GPIO 0 pci reset outputs
Sep 30 03:13:03 romulus power_control.exe[232]: Pgood state: 0
Sep 30 03:13:16 romulus systemd[1]: Started Phosphor Power0 Control.
Sep 30 03:15:18 romulus power_control.exe[232]: PowerControl: setting power up SOFTWARE_PGOOD to 1
Sep 30 03:15:18 romulus power_control.exe[232]: PowerControl: setting power up BMC_POWER_UP to 1
Sep 30 03:15:18 romulus systemd[1]: Starting Disable the AVS bus on the VRMs...
Sep 30 03:15:19 romulus avsbus-disable.sh[478]: Error: Write failed
Sep 30 03:15:19 romulus avsbus-disable.sh[479]: Error: Write failed
Sep 30 03:15:19 romulus avsbus-disable.sh[480]: Error: Write failed
Sep 30 03:15:19 romulus avsbus-disable.sh[481]: Error: Write failed
Sep 30 03:15:19 romulus avsbus-disable.sh[482]: Error: Write failed
Sep 30 03:15:19 romulus avsbus-disable.sh[483]: Error: Write failed
Sep 30 03:15:19 romulus avsbus-disable.sh[484]: Error: Write failed
Sep 30 03:15:19 romulus avsbus-disable.sh[485]: Error: Write failed
Sep 30 03:15:19 romulus avsbus-disable.sh[486]: Error: Write failed
Sep 30 03:15:19 romulus avsbus-disable.sh[487]: Error: Write failed
Sep 30 03:15:19 romulus avsbus-disable.sh[488]: Error: Write failed
Sep 30 03:15:19 romulus avsbus-disable.sh[489]: Error: Write failed
Sep 30 03:15:19 romulus avsbus-disable.sh[490]: Error: Write failed
Sep 30 03:15:19 romulus avsbus-disable.sh[491]: Error: Write failed
Sep 30 03:15:19 romulus systemd[1]: avsbus-disable@0.service: Main process exited, code=exited, status=1/FAILURE
Sep 30 03:15:19 romulus systemd[1]: avsbus-disable@0.service: Failed with result 'exit-code'.
Sep 30 03:15:19 romulus systemd[1]: Failed to start Disable the AVS bus on the VRMs.
Sep 30 03:15:28 romulus power_control.exe[232]: PowerControl: setting power up SOFTWARE_PGOOD to 0
Sep 30 03:15:28 romulus power_control.exe[232]: PowerControl: setting power up BMC_POWER_UP to 0
Sep 30 03:15:30 romulus power_control.exe[232]: ERROR PowerControl: Pgood poll timeout
POWEROFF_RC=0
CurrentBMCState     : xyz.openbmc_project.State.BMC.BMCState.Ready
CurrentPowerState   : xyz.openbmc_project.State.Chassis.PowerState.TransitioningToOn
CurrentHostState    : xyz.openbmc_project.State.Host.HostState.TransitioningToRunning
BootProgress        : xyz.openbmc_project.State.Boot.Progress.ProgressStages.Unspecified
OperatingSystemState: xyz.openbmc_project.State.OperatingSystem.Status.OSStatus.Inactive
Sep 30 03:13:26 romulus systemd[1]: Starting Phosphor BMC State Manager...
Sep 30 03:13:28 romulus phosphor-bmc-state-manager[366]: Unit obmc-bmc-service-quiesce@0.target not found: sd_bus_call: org.freedesktop.systemd1.NoSuchUnit: Unit obmc-bmc-service-quiesce@0.target not loaded.
Sep 30 03:13:29 romulus phosphor-bmc-state-manager[366]: Setting the BMCState field to BMC_NOTREADY
Sep 30 03:13:29 romulus phosphor-bmc-state-manager[366]: Setting the BMCState field to xyz.openbmc_project.State.BMC.BMCState.NotReady
Sep 30 03:13:29 romulus phosphor-bmc-state-manager[366]: Setting the RebootCause field to xyz.openbmc_project.State.BMC.RebootCause.POR
Sep 30 03:13:29 romulus systemd[1]: Started Phosphor BMC State Manager.
Sep 30 03:13:33 romulus phosphor-bmc-state-manager[366]: BMC_READY
Sep 30 03:13:33 romulus phosphor-bmc-state-manager[366]: Setting the BMCState field to xyz.openbmc_project.State.BMC.BMCState.Ready
